// Jest Snapshot v1, https://goo.gl/fbAQLP

exports[`NavBar component Renders 3 pages  1`] = `
<div>
  <ul
    class="navBar"
  >
    <li>
      <a
        href="#/"
      >
        Home
      </a>
    </li>
    <li>
      <a
        href="#/shop/products"
      >
        Shop
      </a>
    </li>
    <li>
      <a
        href="#/cart"
      >
        Cart 
      </a>
    </li>
  </ul>
</div>
`;
